0123456789
01Jishy
SaltSalivaMan
test456789
0123456789